// Jest Snapshot v1, https://goo.gl/fbAQLP

exports[`render 1`] = `
<button
  onClick={[Function]}
>
  test
</button>
`;
